[33m>[39m Building...
[32m√[39m Building...
[35mBrowser bundles[39m     
[1mInitial chunk files[22m [2m | [22m[1mNames[22m           [2m | [22m [1mRaw size[22m
[32mmain.js[39m             [2m | [22m[2mmain[22m            [2m | [22m [36m43.09 kB[39m[2m | [22m
[32mstyles.css[39m          [2m | [22m[2mstyles[22m          [2m | [22m [36m30.65 kB[39m[2m | [22m
[32mchunk-YQOESBWP.js[39m   [2m | [22m[2m-[22m               [2m | [22m[36m754 bytes[39m[2m | [22m

[1m [22m                   [2m | [22m[1mInitial total[22m   [2m | [22m [1m74.49 kB[22m

[1mLazy chunk files[22m    [2m | [22m[1mNames[22m           [2m | [22m [1mRaw size[22m
[32mchunk-HCP4CDHP.js[39m   [2m | [22m[2mhome[22m            [2m | [22m [36m60.67 kB[39m[2m | [22m
[32mchunk-5XJJZBWU.js[39m   [2m | [22m[2mcontact[22m         [2m | [22m [36m26.14 kB[39m[2m | [22m
[32mchunk-V3NCMZPO.js[39m   [2m | [22m[2mcareers[22m         [2m | [22m [36m25.10 kB[39m[2m | [22m
[32mchunk-4CYIEPR2.js[39m   [2m | [22m[2mcompany[22m         [2m | [22m [36m17.73 kB[39m[2m | [22m
[32mchunk-773NJEIX.js[39m   [2m | [22m[2mproducts[22m        [2m | [22m [36m16.37 kB[39m[2m | [22m
[32mchunk-LNJZJ3IY.js[39m   [2m | [22m[2mnews[22m            [2m | [22m [36m14.43 kB[39m[2m | [22m
[32mchunk-2P3CMTLQ.js[39m   [2m | [22m[2mtechnologies[22m    [2m | [22m [36m12.83 kB[39m[2m | [22m
[32mchunk-BASD6L4O.js[39m   [2m | [22m[2msecurity[22m        [2m | [22m [36m11.14 kB[39m[2m | [22m
[32mchunk-6ZW66EC2.js[39m   [2m | [22m[2mprivacy[22m         [2m | [22m  [36m9.28 kB[39m[2m | [22m
[32mchunk-LRMK2E3V.js[39m   [2m | [22m[2mindustries[22m      [2m | [22m  [36m9.05 kB[39m[2m | [22m
[32mchunk-L6ADRKVT.js[39m   [2m | [22m[2msolutions[22m       [2m | [22m  [36m8.96 kB[39m[2m | [22m
[32mchunk-DNOWCGLJ.js[39m   [2m | [22m[2mterms[22m           [2m | [22m  [36m7.79 kB[39m[2m | [22m
[32mchunk-DUVSZOCI.js[39m   [2m | [22m[2mnot-found[22m       [2m | [22m  [36m5.08 kB[39m[2m | [22m
[32mchunk-WHSD262H.js[39m   [2m | [22m[2m-[22m               [2m | [22m  [36m1.76 kB[39m[2m | [22m
[32mchunk-ZDLKG4P7.js[39m   [2m | [22m[2m-[22m               [2m | [22m  [36m1.60 kB[39m[2m | [22m


[35mServer bundles[39m      
[1mInitial chunk files[22m [2m | [22m[1mNames[22m           [2m | [22m [1mRaw size[22m
[32mmain.server.mjs[39m     [2m | [22m[2mmain.server[22m     [2m | [22m [36m44.35 kB[39m[2m | [22m
[32mserver.mjs[39m          [2m | [22m[2mserver[22m          [2m | [22m  [36m1.84 kB[39m[2m | [22m
[32mchunk-FFILDKJJ.mjs[39m  [2m | [22m[2m-[22m               [2m | [22m[36m788 bytes[39m[2m | [22m
[32mpolyfills.server.mjs[39m[2m | [22m[2mpolyfills.server[22m[2m | [22m[36m268 bytes[39m[2m | [22m

[1mLazy chunk files[22m    [2m | [22m[1mNames[22m           [2m | [22m [1mRaw size[22m
[32mchunk-SPY2ITC2.mjs[39m  [2m | [22m[2mhome[22m            [2m | [22m [36m60.71 kB[39m[2m | [22m
[32mchunk-R3C2BQKV.mjs[39m  [2m | [22m[2mcontact[22m         [2m | [22m [36m26.18 kB[39m[2m | [22m
[32mchunk-B4YWQIPX.mjs[39m  [2m | [22m[2mcareers[22m         [2m | [22m [36m25.13 kB[39m[2m | [22m
[32mchunk-TVKCGHUQ.mjs[39m  [2m | [22m[2mcompany[22m         [2m | [22m [36m17.76 kB[39m[2m | [22m
[32mchunk-53HLTDD4.mjs[39m  [2m | [22m[2mproducts[22m        [2m | [22m [36m16.41 kB[39m[2m | [22m
[32mchunk-JUCFG3KP.mjs[39m  [2m | [22m[2mnews[22m            [2m | [22m [36m14.47 kB[39m[2m | [22m
[32mchunk-4OMOVKXG.mjs[39m  [2m | [22m[2mtechnologies[22m    [2m | [22m [36m12.87 kB[39m[2m | [22m
[32mchunk-MZCGHT55.mjs[39m  [2m | [22m[2msecurity[22m        [2m | [22m [36m11.18 kB[39m[2m | [22m
[32mchunk-V7GPJ4JO.mjs[39m  [2m | [22m[2mprivacy[22m         [2m | [22m  [36m9.32 kB[39m[2m | [22m
[32mchunk-PIKYWOR4.mjs[39m  [2m | [22m[2mindustries[22m      [2m | [22m  [36m9.09 kB[39m[2m | [22m
[32mchunk-7KLG7EZD.mjs[39m  [2m | [22m[2msolutions[22m       [2m | [22m  [36m9.00 kB[39m[2m | [22m
[32mchunk-6WVOVLPU.mjs[39m  [2m | [22m[2mterms[22m           [2m | [22m  [36m7.83 kB[39m[2m | [22m
[32mchunk-YRKL7XUK.mjs[39m  [2m | [22m[2mnot-found[22m       [2m | [22m  [36m5.12 kB[39m[2m | [22m
[32mchunk-P3ZSSWO7.mjs[39m  [2m | [22m[2m-[22m               [2m | [22m  [36m1.79 kB[39m[2m | [22m
[32mchunk-KH5L45LB.mjs[39m  [2m | [22m[2m-[22m               [2m | [22m  [36m1.63 kB[39m[2m | [22m

Application bundle generation complete. [3.267 seconds] - 2026-07-27T15:19:25.114Z

Watch mode enabled. Watching for file changes...
NOTE: Raw file sizes do not reflect development server per-request transformations.
  [32m➜[39m  [1mLocal[22m:   [36mhttp://localhost:[1m4200[22m/[39m
[33m>[39m Changes detected. Rebuilding...
[32m√[39m Changes detected. Rebuilding...
[35mBrowser bundles[39m     
[1mInitial chunk files[22m [2m | [22m[1mNames[22m           [2m | [22m [1mRaw size[22m
[32mmain.js[39m             [2m | [22m[2mmain[22m            [2m | [22m [36m43.09 kB[39m[2m | [22m
[32mstyles.css[39m          [2m | [22m[2mstyles[22m          [2m | [22m [36m30.65 kB[39m[2m | [22m
[32mchunk-YQOESBWP.js[39m   [2m | [22m[2m-[22m               [2m | [22m[36m754 bytes[39m[2m | [22m

[1m [22m                   [2m | [22m[1mInitial total[22m   [2m | [22m [1m74.49 kB[22m

[1mLazy chunk files[22m    [2m | [22m[1mNames[22m           [2m | [22m [1mRaw size[22m
[32mchunk-HCP4CDHP.js[39m   [2m | [22m[2mhome[22m            [2m | [22m [36m60.67 kB[39m[2m | [22m
[32mchunk-5XJJZBWU.js[39m   [2m | [22m[2mcontact[22m         [2m | [22m [36m26.14 kB[39m[2m | [22m
[32mchunk-V3NCMZPO.js[39m   [2m | [22m[2mcareers[22m         [2m | [22m [36m25.10 kB[39m[2m | [22m
[32mchunk-4CYIEPR2.js[39m   [2m | [22m[2mcompany[22m         [2m | [22m [36m17.73 kB[39m[2m | [22m
[32mchunk-773NJEIX.js[39m   [2m | [22m[2mproducts[22m        [2m | [22m [36m16.37 kB[39m[2m | [22m
[32mchunk-LNJZJ3IY.js[39m   [2m | [22m[2mnews[22m            [2m | [22m [36m14.43 kB[39m[2m | [22m
[32mchunk-2P3CMTLQ.js[39m   [2m | [22m[2mtechnologies[22m    [2m | [22m [36m12.83 kB[39m[2m | [22m
[32mchunk-BASD6L4O.js[39m   [2m | [22m[2msecurity[22m        [2m | [22m [36m11.14 kB[39m[2m | [22m
[32mchunk-6ZW66EC2.js[39m   [2m | [22m[2mprivacy[22m         [2m | [22m  [36m9.28 kB[39m[2m | [22m
[32mchunk-LRMK2E3V.js[39m   [2m | [22m[2mindustries[22m      [2m | [22m  [36m9.05 kB[39m[2m | [22m
[32mchunk-L6ADRKVT.js[39m   [2m | [22m[2msolutions[22m       [2m | [22m  [36m8.96 kB[39m[2m | [22m
[32mchunk-DNOWCGLJ.js[39m   [2m | [22m[2mterms[22m           [2m | [22m  [36m7.79 kB[39m[2m | [22m
[32mchunk-DUVSZOCI.js[39m   [2m | [22m[2mnot-found[22m       [2m | [22m  [36m5.08 kB[39m[2m | [22m
[32mchunk-WHSD262H.js[39m   [2m | [22m[2m-[22m               [2m | [22m  [36m1.76 kB[39m[2m | [22m
[32mchunk-ZDLKG4P7.js[39m   [2m | [22m[2m-[22m               [2m | [22m  [36m1.60 kB[39m[2m | [22m


[35mServer bundles[39m      
[1mInitial chunk files[22m [2m | [22m[1mNames[22m           [2m | [22m [1mRaw size[22m
[32mmain.server.mjs[39m     [2m | [22m[2mmain.server[22m     [2m | [22m [36m44.35 kB[39m[2m | [22m
[32mserver.mjs[39m          [2m | [22m[2mserver[22m          [2m | [22m  [36m1.84 kB[39m[2m | [22m
[32mchunk-FFILDKJJ.mjs[39m  [2m | [22m[2m-[22m               [2m | [22m[36m788 bytes[39m[2m | [22m
[32mpolyfills.server.mjs[39m[2m | [22m[2mpolyfills.server[22m[2m | [22m[36m268 bytes[39m[2m | [22m

[1mLazy chunk files[22m    [2m | [22m[1mNames[22m           [2m | [22m [1mRaw size[22m
[32mchunk-SPY2ITC2.mjs[39m  [2m | [22m[2mhome[22m            [2m | [22m [36m60.71 kB[39m[2m | [22m
[32mchunk-R3C2BQKV.mjs[39m  [2m | [22m[2mcontact[22m         [2m | [22m [36m26.18 kB[39m[2m | [22m
[32mchunk-B4YWQIPX.mjs[39m  [2m | [22m[2mcareers[22m         [2m | [22m [36m25.13 kB[39m[2m | [22m
[32mchunk-TVKCGHUQ.mjs[39m  [2m | [22m[2mcompany[22m         [2m | [22m [36m17.76 kB[39m[2m | [22m
[32mchunk-53HLTDD4.mjs[39m  [2m | [22m[2mproducts[22m        [2m | [22m [36m16.41 kB[39m[2m | [22m
[32mchunk-JUCFG3KP.mjs[39m  [2m | [22m[2mnews[22m            [2m | [22m [36m14.47 kB[39m[2m | [22m
[32mchunk-4OMOVKXG.mjs[39m  [2m | [22m[2mtechnologies[22m    [2m | [22m [36m12.87 kB[39m[2m | [22m
[32mchunk-MZCGHT55.mjs[39m  [2m | [22m[2msecurity[22m        [2m | [22m [36m11.18 kB[39m[2m | [22m
[32mchunk-V7GPJ4JO.mjs[39m  [2m | [22m[2mprivacy[22m         [2m | [22m  [36m9.32 kB[39m[2m | [22m
[32mchunk-PIKYWOR4.mjs[39m  [2m | [22m[2mindustries[22m      [2m | [22m  [36m9.09 kB[39m[2m | [22m
[32mchunk-7KLG7EZD.mjs[39m  [2m | [22m[2msolutions[22m       [2m | [22m  [36m9.00 kB[39m[2m | [22m
[32mchunk-6WVOVLPU.mjs[39m  [2m | [22m[2mterms[22m           [2m | [22m  [36m7.83 kB[39m[2m | [22m
[32mchunk-YRKL7XUK.mjs[39m  [2m | [22m[2mnot-found[22m       [2m | [22m  [36m5.12 kB[39m[2m | [22m
[32mchunk-P3ZSSWO7.mjs[39m  [2m | [22m[2m-[22m               [2m | [22m  [36m1.79 kB[39m[2m | [22m
[32mchunk-KH5L45LB.mjs[39m  [2m | [22m[2m-[22m               [2m | [22m  [36m1.63 kB[39m[2m | [22m

Application bundle generation complete. [0.244 seconds] - 2026-07-27T15:24:29.225Z

[33m>[39m Changes detected. Rebuilding...
[32m√[39m Changes detected. Rebuilding...
[1mInitial chunk files[22m[2m | [22m[1mNames[22m [2m | [22m[1mRaw size[22m
[32mstyles.css[39m         [2m | [22m[2mstyles[22m[2m | [22m[36m30.66 kB[39m[2m | [22m

Application bundle generation complete. [0.265 seconds] - 2026-07-27T15:31:25.293Z

Stylesheet update sent to client(s).
[33m>[39m Changes detected. Rebuilding...
[32m√[39m Changes detected. Rebuilding...
[35mBrowser bundles[39m     
[1mInitial chunk files[22m [2m | [22m[1mNames[22m           [2m | [22m [1mRaw size[22m
[32mmain.js[39m             [2m | [22m[2mmain[22m            [2m | [22m [36m43.09 kB[39m[2m | [22m
[32mstyles.css[39m          [2m | [22m[2mstyles[22m          [2m | [22m [36m30.66 kB[39m[2m | [22m
[32mchunk-YQOESBWP.js[39m   [2m | [22m[2m-[22m               [2m | [22m[36m754 bytes[39m[2m | [22m

[1m [22m                   [2m | [22m[1mInitial total[22m   [2m | [22m [1m74.50 kB[22m

[1mLazy chunk files[22m    [2m | [22m[1mNames[22m           [2m | [22m [1mRaw size[22m
[32mchunk-HCP4CDHP.js[39m   [2m | [22m[2mhome[22m            [2m | [22m [36m60.67 kB[39m[2m | [22m
[32mchunk-5XJJZBWU.js[39m   [2m | [22m[2mcontact[22m         [2m | [22m [36m26.14 kB[39m[2m | [22m
[32mchunk-V3NCMZPO.js[39m   [2m | [22m[2mcareers[22m         [2m | [22m [36m25.10 kB[39m[2m | [22m
[32mchunk-4CYIEPR2.js[39m   [2m | [22m[2mcompany[22m         [2m | [22m [36m17.73 kB[39m[2m | [22m
[32mchunk-773NJEIX.js[39m   [2m | [22m[2mproducts[22m        [2m | [22m [36m16.37 kB[39m[2m | [22m
[32mchunk-LNJZJ3IY.js[39m   [2m | [22m[2mnews[22m            [2m | [22m [36m14.43 kB[39m[2m | [22m
[32mchunk-2P3CMTLQ.js[39m   [2m | [22m[2mtechnologies[22m    [2m | [22m [36m12.83 kB[39m[2m | [22m
[32mchunk-BASD6L4O.js[39m   [2m | [22m[2msecurity[22m        [2m | [22m [36m11.14 kB[39m[2m | [22m
[32mchunk-6ZW66EC2.js[39m   [2m | [22m[2mprivacy[22m         [2m | [22m  [36m9.28 kB[39m[2m | [22m
[32mchunk-LRMK2E3V.js[39m   [2m | [22m[2mindustries[22m      [2m | [22m  [36m9.05 kB[39m[2m | [22m
[32mchunk-L6ADRKVT.js[39m   [2m | [22m[2msolutions[22m       [2m | [22m  [36m8.96 kB[39m[2m | [22m
[32mchunk-DNOWCGLJ.js[39m   [2m | [22m[2mterms[22m           [2m | [22m  [36m7.79 kB[39m[2m | [22m
[32mchunk-DUVSZOCI.js[39m   [2m | [22m[2mnot-found[22m       [2m | [22m  [36m5.08 kB[39m[2m | [22m
[32mchunk-WHSD262H.js[39m   [2m | [22m[2m-[22m               [2m | [22m  [36m1.76 kB[39m[2m | [22m
[32mchunk-ZDLKG4P7.js[39m   [2m | [22m[2m-[22m               [2m | [22m  [36m1.60 kB[39m[2m | [22m


[35mServer bundles[39m      
[1mInitial chunk files[22m [2m | [22m[1mNames[22m           [2m | [22m [1mRaw size[22m
[32mmain.server.mjs[39m     [2m | [22m[2mmain.server[22m     [2m | [22m [36m44.35 kB[39m[2m | [22m
[32mserver.mjs[39m          [2m | [22m[2mserver[22m          [2m | [22m  [36m1.84 kB[39m[2m | [22m
[32mchunk-FFILDKJJ.mjs[39m  [2m | [22m[2m-[22m               [2m | [22m[36m788 bytes[39m[2m | [22m
[32mpolyfills.server.mjs[39m[2m | [22m[2mpolyfills.server[22m[2m | [22m[36m268 bytes[39m[2m | [22m

[1mLazy chunk files[22m    [2m | [22m[1mNames[22m           [2m | [22m [1mRaw size[22m
[32mchunk-SPY2ITC2.mjs[39m  [2m | [22m[2mhome[22m            [2m | [22m [36m60.71 kB[39m[2m | [22m
[32mchunk-R3C2BQKV.mjs[39m  [2m | [22m[2mcontact[22m         [2m | [22m [36m26.18 kB[39m[2m | [22m
[32mchunk-B4YWQIPX.mjs[39m  [2m | [22m[2mcareers[22m         [2m | [22m [36m25.13 kB[39m[2m | [22m
[32mchunk-TVKCGHUQ.mjs[39m  [2m | [22m[2mcompany[22m         [2m | [22m [36m17.76 kB[39m[2m | [22m
[32mchunk-53HLTDD4.mjs[39m  [2m | [22m[2mproducts[22m        [2m | [22m [36m16.41 kB[39m[2m | [22m
[32mchunk-JUCFG3KP.mjs[39m  [2m | [22m[2mnews[22m            [2m | [22m [36m14.47 kB[39m[2m | [22m
[32mchunk-4OMOVKXG.mjs[39m  [2m | [22m[2mtechnologies[22m    [2m | [22m [36m12.87 kB[39m[2m | [22m
[32mchunk-MZCGHT55.mjs[39m  [2m | [22m[2msecurity[22m        [2m | [22m [36m11.18 kB[39m[2m | [22m
[32mchunk-V7GPJ4JO.mjs[39m  [2m | [22m[2mprivacy[22m         [2m | [22m  [36m9.32 kB[39m[2m | [22m
[32mchunk-PIKYWOR4.mjs[39m  [2m | [22m[2mindustries[22m      [2m | [22m  [36m9.09 kB[39m[2m | [22m
[32mchunk-7KLG7EZD.mjs[39m  [2m | [22m[2msolutions[22m       [2m | [22m  [36m9.00 kB[39m[2m | [22m
[32mchunk-6WVOVLPU.mjs[39m  [2m | [22m[2mterms[22m           [2m | [22m  [36m7.83 kB[39m[2m | [22m
[32mchunk-YRKL7XUK.mjs[39m  [2m | [22m[2mnot-found[22m       [2m | [22m  [36m5.12 kB[39m[2m | [22m
[32mchunk-P3ZSSWO7.mjs[39m  [2m | [22m[2m-[22m               [2m | [22m  [36m1.79 kB[39m[2m | [22m
[32mchunk-KH5L45LB.mjs[39m  [2m | [22m[2m-[22m               [2m | [22m  [36m1.63 kB[39m[2m | [22m

Application bundle generation complete. [0.222 seconds] - 2026-07-27T15:32:02.452Z

[33m>[39m Changes detected. Rebuilding...
[32m√[39m Changes detected. Rebuilding...
[35mBrowser bundles[39m    
[1mInitial chunk files[22m[2m | [22m[1mNames[22m       [2m | [22m[1mRaw size[22m
[32mmain.js[39m            [2m | [22m[2mmain[22m        [2m | [22m[36m43.06 kB[39m[2m | [22m

[1mLazy chunk files[22m   [2m | [22m[1mNames[22m       [2m | [22m[1mRaw size[22m
[32mchunk-INZGX3ZM.js[39m  [2m | [22m[2mhome[22m        [2m | [22m[36m60.67 kB[39m[2m | [22m
[32mchunk-SOKGI3N3.js[39m  [2m | [22m[2mcontact[22m     [2m | [22m[36m26.14 kB[39m[2m | [22m
[32mchunk-RYWUEEXR.js[39m  [2m | [22m[2mcareers[22m     [2m | [22m[36m25.09 kB[39m[2m | [22m
[32mchunk-WPESRC4Y.js[39m  [2m | [22m[2mcompany[22m     [2m | [22m[36m17.72 kB[39m[2m | [22m
[32mchunk-QHGG4HBN.js[39m  [2m | [22m[2mproducts[22m    [2m | [22m[36m16.37 kB[39m[2m | [22m
[32mchunk-MHN7XMBX.js[39m  [2m | [22m[2mnews[22m        [2m | [22m[36m14.43 kB[39m[2m | [22m
[32mchunk-BKFOVO7H.js[39m  [2m | [22m[2mtechnologies[22m[2m | [22m[36m12.83 kB[39m[2m | [22m
[32mchunk-R7S7XPLQ.js[39m  [2m | [22m[2msecurity[22m    [2m | [22m[36m11.13 kB[39m[2m | [22m
[32mchunk-KDVQZYZX.js[39m  [2m | [22m[2mprivacy[22m     [2m | [22m [36m9.28 kB[39m[2m | [22m
[32mchunk-W456YZVJ.js[39m  [2m | [22m[2mindustries[22m  [2m | [22m [36m9.05 kB[39m[2m | [22m
[32mchunk-MIHQ35DJ.js[39m  [2m | [22m[2msolutions[22m   [2m | [22m [36m8.96 kB[39m[2m | [22m
[32mchunk-2VSMO3PA.js[39m  [2m | [22m[2mterms[22m       [2m | [22m [36m7.79 kB[39m[2m | [22m
[32mchunk-QLYA7S32.js[39m  [2m | [22m[2mnot-found[22m   [2m | [22m [36m5.08 kB[39m[2m | [22m


[35mServer bundles[39m     
[1mInitial chunk files[22m[2m | [22m[1mNames[22m       [2m | [22m[1mRaw size[22m
[32mmain.server.mjs[39m    [2m | [22m[2mmain.server[22m [2m | [22m[36m44.32 kB[39m[2m | [22m

[1mLazy chunk files[22m   [2m | [22m[1mNames[22m       [2m | [22m[1mRaw size[22m
[32mchunk-VNSQZ2HG.mjs[39m [2m | [22m[2mhome[22m        [2m | [22m[36m60.70 kB[39m[2m | [22m
[32mchunk-PQJXXGLF.mjs[39m [2m | [22m[2mcontact[22m     [2m | [22m[36m26.17 kB[39m[2m | [22m
[32mchunk-3NJLJGW6.mjs[39m [2m | [22m[2mcareers[22m     [2m | [22m[36m25.13 kB[39m[2m | [22m
[32mchunk-V5JJEFAN.mjs[39m [2m | [22m[2mcompany[22m     [2m | [22m[36m17.76 kB[39m[2m | [22m
[32mchunk-GVLRVX2A.mjs[39m [2m | [22m[2mproducts[22m    [2m | [22m[36m16.41 kB[39m[2m | [22m
[32mchunk-YGPJ4HT5.mjs[39m [2m | [22m[2mnews[22m        [2m | [22m[36m14.46 kB[39m[2m | [22m
[32mchunk-KJYMC7GH.mjs[39m [2m | [22m[2mtechnologies[22m[2m | [22m[36m12.87 kB[39m[2m | [22m
[32mchunk-XFUQ6DGB.mjs[39m [2m | [22m[2msecurity[22m    [2m | [22m[36m11.17 kB[39m[2m | [22m
[32mchunk-MYJ6BUEA.mjs[39m [2m | [22m[2mprivacy[22m     [2m | [22m [36m9.31 kB[39m[2m | [22m
[32mchunk-ETT4CRPO.mjs[39m [2m | [22m[2mindustries[22m  [2m | [22m [36m9.09 kB[39m[2m | [22m
[32mchunk-2PV4XYLK.mjs[39m [2m | [22m[2msolutions[22m   [2m | [22m [36m8.99 kB[39m[2m | [22m
[32mchunk-2JDV5AAI.mjs[39m [2m | [22m[2mterms[22m       [2m | [22m [36m7.82 kB[39m[2m | [22m
[32mchunk-5LGM7MWF.mjs[39m [2m | [22m[2mnot-found[22m   [2m | [22m [36m5.11 kB[39m[2m | [22m

Application bundle generation complete. [0.843 seconds] - 2026-07-27T15:32:08.874Z

Component update sent to client(s).
[33m>[39m Changes detected. Rebuilding...
[32m√[39m Changes detected. Rebuilding...
[35mBrowser bundles[39m    
[1mInitial chunk files[22m[2m | [22m[1mNames[22m      [2m | [22m[1mRaw size[22m
[32mmain.js[39m            [2m | [22m[2mmain[22m       [2m | [22m[36m43.05 kB[39m[2m | [22m


[35mServer bundles[39m     
[1mInitial chunk files[22m[2m | [22m[1mNames[22m      [2m | [22m[1mRaw size[22m
[32mmain.server.mjs[39m    [2m | [22m[2mmain.server[22m[2m | [22m[36m44.32 kB[39m[2m | [22m

Application bundle generation complete. [0.341 seconds] - 2026-07-27T15:32:45.523Z

Component update sent to client(s).
[33m>[39m Changes detected. Rebuilding...
[32m√[39m Changes detected. Rebuilding...
[35mBrowser bundles[39m    
[1mInitial chunk files[22m[2m | [22m[1mNames[22m      [2m | [22m[1mRaw size[22m
[32mmain.js[39m            [2m | [22m[2mmain[22m       [2m | [22m[36m43.05 kB[39m[2m | [22m

[1mLazy chunk files[22m   [2m | [22m[1mNames[22m      [2m | [22m[1mRaw size[22m
[32mchunk-UYDT2PFC.js[39m  [2m | [22m[2mhome[22m       [2m | [22m[36m60.68 kB[39m[2m | [22m


[35mServer bundles[39m     
[1mInitial chunk files[22m[2m | [22m[1mNames[22m      [2m | [22m[1mRaw size[22m
[32mmain.server.mjs[39m    [2m | [22m[2mmain.server[22m[2m | [22m[36m44.32 kB[39m[2m | [22m

[1mLazy chunk files[22m   [2m | [22m[1mNames[22m      [2m | [22m[1mRaw size[22m
[32mchunk-2HNGPXJZ.mjs[39m [2m | [22m[2mhome[22m       [2m | [22m[36m60.72 kB[39m[2m | [22m

Application bundle generation complete. [0.674 seconds] - 2026-07-27T16:54:54.659Z

Component update sent to client(s).
[33m>[39m Changes detected. Rebuilding...
[32m√[39m Changes detected. Rebuilding...
[35mBrowser bundles[39m    
[1mInitial chunk files[22m[2m | [22m[1mNames[22m      [2m | [22m[1mRaw size[22m
[32mmain.js[39m            [2m | [22m[2mmain[22m       [2m | [22m[36m43.05 kB[39m[2m | [22m

[1mLazy chunk files[22m   [2m | [22m[1mNames[22m      [2m | [22m[1mRaw size[22m
[32mchunk-RCSV43OL.js[39m  [2m | [22m[2mhome[22m       [2m | [22m[36m60.68 kB[39m[2m | [22m


[35mServer bundles[39m     
[1mInitial chunk files[22m[2m | [22m[1mNames[22m      [2m | [22m[1mRaw size[22m
[32mmain.server.mjs[39m    [2m | [22m[2mmain.server[22m[2m | [22m[36m44.32 kB[39m[2m | [22m

[1mLazy chunk files[22m   [2m | [22m[1mNames[22m      [2m | [22m[1mRaw size[22m
[32mchunk-4SH7I3CM.mjs[39m [2m | [22m[2mhome[22m       [2m | [22m[36m60.72 kB[39m[2m | [22m

Application bundle generation complete. [0.381 seconds] - 2026-07-27T16:55:20.184Z

Component update sent to client(s).
[33m>[39m Changes detected. Rebuilding...
[32m√[39m Changes detected. Rebuilding...
[35mBrowser bundles[39m    
[1mInitial chunk files[22m[2m | [22m[1mNames[22m      [2m | [22m[1mRaw size[22m
[32mmain.js[39m            [2m | [22m[2mmain[22m       [2m | [22m[36m43.05 kB[39m[2m | [22m

[1mLazy chunk files[22m   [2m | [22m[1mNames[22m      [2m | [22m[1mRaw size[22m
[32mchunk-SYY5XCWK.js[39m  [2m | [22m[2mhome[22m       [2m | [22m[36m60.68 kB[39m[2m | [22m


[35mServer bundles[39m     
[1mInitial chunk files[22m[2m | [22m[1mNames[22m      [2m | [22m[1mRaw size[22m
[32mmain.server.mjs[39m    [2m | [22m[2mmain.server[22m[2m | [22m[36m44.32 kB[39m[2m | [22m

[1mLazy chunk files[22m   [2m | [22m[1mNames[22m      [2m | [22m[1mRaw size[22m
[32mchunk-ZFUAOVGZ.mjs[39m [2m | [22m[2mhome[22m       [2m | [22m[36m60.72 kB[39m[2m | [22m

Application bundle generation complete. [0.391 seconds] - 2026-07-27T16:55:27.412Z

Component update sent to client(s).
[33m>[39m Changes detected. Rebuilding...
[32m√[39m Changes detected. Rebuilding...
[35mBrowser bundles[39m    
[1mInitial chunk files[22m[2m | [22m[1mNames[22m      [2m | [22m[1mRaw size[22m
[32mmain.js[39m            [2m | [22m[2mmain[22m       [2m | [22m[36m43.05 kB[39m[2m | [22m

[1mLazy chunk files[22m   [2m | [22m[1mNames[22m      [2m | [22m[1mRaw size[22m
[32mchunk-MEYBFWX6.js[39m  [2m | [22m[2mcompany[22m    [2m | [22m[36m17.72 kB[39m[2m | [22m


[35mServer bundles[39m     
[1mInitial chunk files[22m[2m | [22m[1mNames[22m      [2m | [22m[1mRaw size[22m
[32mmain.server.mjs[39m    [2m | [22m[2mmain.server[22m[2m | [22m[36m44.32 kB[39m[2m | [22m

[1mLazy chunk files[22m   [2m | [22m[1mNames[22m      [2m | [22m[1mRaw size[22m
[32mchunk-LDJW77EX.mjs[39m [2m | [22m[2mcompany[22m    [2m | [22m[36m17.76 kB[39m[2m | [22m

Application bundle generation complete. [0.266 seconds] - 2026-07-27T16:55:33.169Z

Component update sent to client(s).
[33m>[39m Changes detected. Rebuilding...
[32m√[39m Changes detected. Rebuilding...
[35mBrowser bundles[39m    
[1mInitial chunk files[22m[2m | [22m[1mNames[22m      [2m | [22m[1mRaw size[22m
[32mmain.js[39m            [2m | [22m[2mmain[22m       [2m | [22m[36m43.05 kB[39m[2m | [22m

[1mLazy chunk files[22m   [2m | [22m[1mNames[22m      [2m | [22m[1mRaw size[22m
[32mchunk-OJNMV4SD.js[39m  [2m | [22m[2mnews[22m       [2m | [22m[36m14.43 kB[39m[2m | [22m


[35mServer bundles[39m     
[1mInitial chunk files[22m[2m | [22m[1mNames[22m      [2m | [22m[1mRaw size[22m
[32mmain.server.mjs[39m    [2m | [22m[2mmain.server[22m[2m | [22m[36m44.32 kB[39m[2m | [22m

[1mLazy chunk files[22m   [2m | [22m[1mNames[22m      [2m | [22m[1mRaw size[22m
[32mchunk-3NRH5GXA.mjs[39m [2m | [22m[2mnews[22m       [2m | [22m[36m14.46 kB[39m[2m | [22m

Application bundle generation complete. [0.258 seconds] - 2026-07-27T16:56:08.696Z

Component update sent to client(s).
[33m>[39m Changes detected. Rebuilding...
[32m√[39m Changes detected. Rebuilding...
[35mBrowser bundles[39m    
[1mInitial chunk files[22m[2m | [22m[1mNames[22m       [2m | [22m[1mRaw size[22m
[32mmain.js[39m            [2m | [22m[2mmain[22m        [2m | [22m[36m43.26 kB[39m[2m | [22m

[1mLazy chunk files[22m   [2m | [22m[1mNames[22m       [2m | [22m[1mRaw size[22m
[32mchunk-PRCWYJ5Z.js[39m  [2m | [22m[2mhome[22m        [2m | [22m[36m61.08 kB[39m[2m | [22m
[32mchunk-3GXN3PJ2.js[39m  [2m | [22m[2mcontact[22m     [2m | [22m[36m26.35 kB[39m[2m | [22m
[32mchunk-TUOA62MG.js[39m  [2m | [22m[2mcareers[22m     [2m | [22m[36m25.30 kB[39m[2m | [22m
[32mchunk-FJ6WDX4H.js[39m  [2m | [22m[2mcompany[22m     [2m | [22m[36m17.85 kB[39m[2m | [22m
[32mchunk-PCIFJ7BV.js[39m  [2m | [22m[2mproducts[22m    [2m | [22m[36m16.48 kB[39m[2m | [22m
[32mchunk-Q2UPH24N.js[39m  [2m | [22m[2mnews[22m        [2m | [22m[36m14.52 kB[39m[2m | [22m
[32mchunk-HCZJ4V7M.js[39m  [2m | [22m[2mtechnologies[22m[2m | [22m[36m12.92 kB[39m[2m | [22m
[32mchunk-FOCS74JG.js[39m  [2m | [22m[2msecurity[22m    [2m | [22m[36m11.21 kB[39m[2m | [22m
[32mchunk-QVLAEYQO.js[39m  [2m | [22m[2mprivacy[22m     [2m | [22m [36m9.31 kB[39m[2m | [22m
[32mchunk-PCKPWWNL.js[39m  [2m | [22m[2mindustries[22m  [2m | [22m [36m9.10 kB[39m[2m | [22m
[32mchunk-KXBJPPUZ.js[39m  [2m | [22m[2msolutions[22m   [2m | [22m [36m9.01 kB[39m[2m | [22m
[32mchunk-MZ24XRE4.js[39m  [2m | [22m[2mterms[22m       [2m | [22m [36m7.80 kB[39m[2m | [22m
[32mchunk-4D2XNYCE.js[39m  [2m | [22m[2mnot-found[22m   [2m | [22m [36m5.08 kB[39m[2m | [22m
[32mchunk-BPQIN6SD.js[39m  [2m | [22m[2m-[22m           [2m | [22m [36m1.76 kB[39m[2m | [22m
[32mchunk-BJ75MHPL.js[39m  [2m | [22m[2m-[22m           [2m | [22m [36m1.58 kB[39m[2m | [22m


[35mServer bundles[39m     
[1mInitial chunk files[22m[2m | [22m[1mNames[22m       [2m | [22m[1mRaw size[22m
[32mmain.server.mjs[39m    [2m | [22m[2mmain.server[22m [2m | [22m[36m44.53 kB[39m[2m | [22m

[1mLazy chunk files[22m   [2m | [22m[1mNames[22m       [2m | [22m[1mRaw size[22m
[32mchunk-ER4PBBB7.mjs[39m [2m | [22m[2mhome[22m        [2m | [22m[36m61.12 kB[39m[2m | [22m
[32mchunk-NGBYDLXE.mjs[39m [2m | [22m[2mcontact[22m     [2m | [22m[36m26.39 kB[39m[2m | [22m
[32mchunk-VZPZO2I4.mjs[39m [2m | [22m[2mcareers[22m     [2m | [22m[36m25.34 kB[39m[2m | [22m
[32mchunk-FICB7Y57.mjs[39m [2m | [22m[2mcompany[22m     [2m | [22m[36m17.89 kB[39m[2m | [22m
[32mchunk-UO4HVXMP.mjs[39m [2m | [22m[2mproducts[22m    [2m | [22m[36m16.52 kB[39m[2m | [22m
[32mchunk-JK6YQHQG.mjs[39m [2m | [22m[2mnews[22m        [2m | [22m[36m14.55 kB[39m[2m | [22m
[32mchunk-JRSJSNLL.mjs[39m [2m | [22m[2mtechnologies[22m[2m | [22m[36m12.95 kB[39m[2m | [22m
[32mchunk-3AQEHYWV.mjs[39m [2m | [22m[2msecurity[22m    [2m | [22m[36m11.24 kB[39m[2m | [22m
[32mchunk-CFYIYMU4.mjs[39m [2m | [22m[2mprivacy[22m     [2m | [22m [36m9.35 kB[39m[2m | [22m
[32mchunk-4VWOHPUF.mjs[39m [2m | [22m[2mindustries[22m  [2m | [22m [36m9.14 kB[39m[2m | [22m
[32mchunk-DRWT7YEZ.mjs[39m [2m | [22m[2msolutions[22m   [2m | [22m [36m9.05 kB[39m[2m | [22m
[32mchunk-2PGZN2XQ.mjs[39m [2m | [22m[2mterms[22m       [2m | [22m [36m7.84 kB[39m[2m | [22m
[32mchunk-CNIW5FCS.mjs[39m [2m | [22m[2mnot-found[22m   [2m | [22m [36m5.11 kB[39m[2m | [22m
[32mchunk-IP5C6TD6.mjs[39m [2m | [22m[2m-[22m           [2m | [22m [36m1.79 kB[39m[2m | [22m
[32mchunk-O5GETP62.mjs[39m [2m | [22m[2m-[22m           [2m | [22m [36m1.62 kB[39m[2m | [22m

Application bundle generation complete. [4.627 seconds] - 2026-07-27T16:57:05.485Z

Page reload sent to client(s).
[33m>[39m Changes detected. Rebuilding...
[32m√[39m Changes detected. Rebuilding...
[35mBrowser bundles[39m     
[1mInitial chunk files[22m [2m | [22m[1mNames[22m           [2m | [22m [1mRaw size[22m
[32mmain.js[39m             [2m | [22m[2mmain[22m            [2m | [22m [36m43.26 kB[39m[2m | [22m
[32mstyles.css[39m          [2m | [22m[2mstyles[22m          [2m | [22m [36m30.66 kB[39m[2m | [22m
[32mchunk-YQOESBWP.js[39m   [2m | [22m[2m-[22m               [2m | [22m[36m754 bytes[39m[2m | [22m

[1m [22m                   [2m | [22m[1mInitial total[22m   [2m | [22m [1m74.67 kB[22m

[1mLazy chunk files[22m    [2m | [22m[1mNames[22m           [2m | [22m [1mRaw size[22m
[32mchunk-PRCWYJ5Z.js[39m   [2m | [22m[2mhome[22m            [2m | [22m [36m61.08 kB[39m[2m | [22m
[32mchunk-3GXN3PJ2.js[39m   [2m | [22m[2mcontact[22m         [2m | [22m [36m26.35 kB[39m[2m | [22m
[32mchunk-TUOA62MG.js[39m   [2m | [22m[2mcareers[22m         [2m | [22m [36m25.30 kB[39m[2m | [22m
[32mchunk-FJ6WDX4H.js[39m   [2m | [22m[2mcompany[22m         [2m | [22m [36m17.85 kB[39m[2m | [22m
[32mchunk-PCIFJ7BV.js[39m   [2m | [22m[2mproducts[22m        [2m | [22m [36m16.48 kB[39m[2m | [22m
[32mchunk-Q2UPH24N.js[39m   [2m | [22m[2mnews[22m            [2m | [22m [36m14.52 kB[39m[2m | [22m
[32mchunk-HCZJ4V7M.js[39m   [2m | [22m[2mtechnologies[22m    [2m | [22m [36m12.92 kB[39m[2m | [22m
[32mchunk-FOCS74JG.js[39m   [2m | [22m[2msecurity[22m        [2m | [22m [36m11.21 kB[39m[2m | [22m
[32mchunk-QVLAEYQO.js[39m   [2m | [22m[2mprivacy[22m         [2m | [22m  [36m9.31 kB[39m[2m | [22m
[32mchunk-PCKPWWNL.js[39m   [2m | [22m[2mindustries[22m      [2m | [22m  [36m9.10 kB[39m[2m | [22m
[32mchunk-KXBJPPUZ.js[39m   [2m | [22m[2msolutions[22m       [2m | [22m  [36m9.01 kB[39m[2m | [22m
[32mchunk-MZ24XRE4.js[39m   [2m | [22m[2mterms[22m           [2m | [22m  [36m7.80 kB[39m[2m | [22m
[32mchunk-4D2XNYCE.js[39m   [2m | [22m[2mnot-found[22m       [2m | [22m  [36m5.08 kB[39m[2m | [22m
[32mchunk-BPQIN6SD.js[39m   [2m | [22m[2m-[22m               [2m | [22m  [36m1.76 kB[39m[2m | [22m
[32mchunk-BJ75MHPL.js[39m   [2m | [22m[2m-[22m               [2m | [22m  [36m1.58 kB[39m[2m | [22m


[35mServer bundles[39m      
[1mInitial chunk files[22m [2m | [22m[1mNames[22m           [2m | [22m [1mRaw size[22m
[32mmain.server.mjs[39m     [2m | [22m[2mmain.server[22m     [2m | [22m [36m44.53 kB[39m[2m | [22m
[32mserver.mjs[39m          [2m | [22m[2mserver[22m          [2m | [22m  [36m1.84 kB[39m[2m | [22m
[32mchunk-FFILDKJJ.mjs[39m  [2m | [22m[2m-[22m               [2m | [22m[36m788 bytes[39m[2m | [22m
[32mpolyfills.server.mjs[39m[2m | [22m[2mpolyfills.server[22m[2m | [22m[36m268 bytes[39m[2m | [22m

[1mLazy chunk files[22m    [2m | [22m[1mNames[22m           [2m | [22m [1mRaw size[22m
[32mchunk-ER4PBBB7.mjs[39m  [2m | [22m[2mhome[22m            [2m | [22m [36m61.12 kB[39m[2m | [22m
[32mchunk-NGBYDLXE.mjs[39m  [2m | [22m[2mcontact[22m         [2m | [22m [36m26.39 kB[39m[2m | [22m
[32mchunk-VZPZO2I4.mjs[39m  [2m | [22m[2mcareers[22m         [2m | [22m [36m25.34 kB[39m[2m | [22m
[32mchunk-FICB7Y57.mjs[39m  [2m | [22m[2mcompany[22m         [2m | [22m [36m17.89 kB[39m[2m | [22m
[32mchunk-UO4HVXMP.mjs[39m  [2m | [22m[2mproducts[22m        [2m | [22m [36m16.52 kB[39m[2m | [22m
[32mchunk-JK6YQHQG.mjs[39m  [2m | [22m[2mnews[22m            [2m | [22m [36m14.55 kB[39m[2m | [22m
[32mchunk-JRSJSNLL.mjs[39m  [2m | [22m[2mtechnologies[22m    [2m | [22m [36m12.95 kB[39m[2m | [22m
[32mchunk-3AQEHYWV.mjs[39m  [2m | [22m[2msecurity[22m        [2m | [22m [36m11.24 kB[39m[2m | [22m
[32mchunk-CFYIYMU4.mjs[39m  [2m | [22m[2mprivacy[22m         [2m | [22m  [36m9.35 kB[39m[2m | [22m
[32mchunk-4VWOHPUF.mjs[39m  [2m | [22m[2mindustries[22m      [2m | [22m  [36m9.14 kB[39m[2m | [22m
[32mchunk-DRWT7YEZ.mjs[39m  [2m | [22m[2msolutions[22m       [2m | [22m  [36m9.05 kB[39m[2m | [22m
[32mchunk-2PGZN2XQ.mjs[39m  [2m | [22m[2mterms[22m           [2m | [22m  [36m7.84 kB[39m[2m | [22m
[32mchunk-CNIW5FCS.mjs[39m  [2m | [22m[2mnot-found[22m       [2m | [22m  [36m5.11 kB[39m[2m | [22m
[32mchunk-IP5C6TD6.mjs[39m  [2m | [22m[2m-[22m               [2m | [22m  [36m1.79 kB[39m[2m | [22m
[32mchunk-O5GETP62.mjs[39m  [2m | [22m[2m-[22m               [2m | [22m  [36m1.62 kB[39m[2m | [22m

Application bundle generation complete. [0.348 seconds] - 2026-07-27T16:57:07.506Z

[33m>[39m Changes detected. Rebuilding...
[32m√[39m Changes detected. Rebuilding...
[35mBrowser bundles[39m    
[1mInitial chunk files[22m[2m | [22m[1mNames[22m      [2m | [22m[1mRaw size[22m
[32mmain.js[39m            [2m | [22m[2mmain[22m       [2m | [22m[36m43.26 kB[39m[2m | [22m


[35mServer bundles[39m     
[1mInitial chunk files[22m[2m | [22m[1mNames[22m      [2m | [22m[1mRaw size[22m
[32mmain.server.mjs[39m    [2m | [22m[2mmain.server[22m[2m | [22m[36m44.53 kB[39m[2m | [22m

Application bundle generation complete. [0.867 seconds] - 2026-07-27T16:59:28.809Z

Component update sent to client(s).
[33m>[39m Changes detected. Rebuilding...
[32m√[39m Changes detected. Rebuilding...
[35mBrowser bundles[39m    
[1mInitial chunk files[22m[2m | [22m[1mNames[22m      [2m | [22m[1mRaw size[22m
[32mmain.js[39m            [2m | [22m[2mmain[22m       [2m | [22m[36m43.26 kB[39m[2m | [22m


[35mServer bundles[39m     
[1mInitial chunk files[22m[2m | [22m[1mNames[22m      [2m | [22m[1mRaw size[22m
[32mmain.server.mjs[39m    [2m | [22m[2mmain.server[22m[2m | [22m[36m44.53 kB[39m[2m | [22m

Application bundle generation complete. [0.510 seconds] - 2026-07-27T16:59:39.634Z

Component update sent to client(s).
[33m>[39m Changes detected. Rebuilding...
[32m√[39m Changes detected. Rebuilding...
[35mBrowser bundles[39m     
[1mInitial chunk files[22m [2m | [22m[1mNames[22m           [2m | [22m [1mRaw size[22m
[32mmain.js[39m             [2m | [22m[2mmain[22m            [2m | [22m [36m43.26 kB[39m[2m | [22m
[32mstyles.css[39m          [2m | [22m[2mstyles[22m          [2m | [22m [36m30.66 kB[39m[2m | [22m
[32mchunk-YQOESBWP.js[39m   [2m | [22m[2m-[22m               [2m | [22m[36m754 bytes[39m[2m | [22m

[1m [22m                   [2m | [22m[1mInitial total[22m   [2m | [22m [1m74.67 kB[22m

[1mLazy chunk files[22m    [2m | [22m[1mNames[22m           [2m | [22m [1mRaw size[22m
[32mchunk-PRCWYJ5Z.js[39m   [2m | [22m[2mhome[22m            [2m | [22m [36m61.08 kB[39m[2m | [22m
[32mchunk-3GXN3PJ2.js[39m   [2m | [22m[2mcontact[22m         [2m | [22m [36m26.35 kB[39m[2m | [22m
[32mchunk-TUOA62MG.js[39m   [2m | [22m[2mcareers[22m         [2m | [22m [36m25.30 kB[39m[2m | [22m
[32mchunk-FJ6WDX4H.js[39m   [2m | [22m[2mcompany[22m         [2m | [22m [36m17.85 kB[39m[2m | [22m
[32mchunk-PCIFJ7BV.js[39m   [2m | [22m[2mproducts[22m        [2m | [22m [36m16.48 kB[39m[2m | [22m
[32mchunk-Q2UPH24N.js[39m   [2m | [22m[2mnews[22m            [2m | [22m [36m14.52 kB[39m[2m | [22m
[32mchunk-HCZJ4V7M.js[39m   [2m | [22m[2mtechnologies[22m    [2m | [22m [36m12.92 kB[39m[2m | [22m
[32mchunk-FOCS74JG.js[39m   [2m | [22m[2msecurity[22m        [2m | [22m [36m11.21 kB[39m[2m | [22m
[32mchunk-QVLAEYQO.js[39m   [2m | [22m[2mprivacy[22m         [2m | [22m  [36m9.31 kB[39m[2m | [22m
[32mchunk-PCKPWWNL.js[39m   [2m | [22m[2mindustries[22m      [2m | [22m  [36m9.10 kB[39m[2m | [22m
[32mchunk-KXBJPPUZ.js[39m   [2m | [22m[2msolutions[22m       [2m | [22m  [36m9.01 kB[39m[2m | [22m
[32mchunk-MZ24XRE4.js[39m   [2m | [22m[2mterms[22m           [2m | [22m  [36m7.80 kB[39m[2m | [22m
[32mchunk-4D2XNYCE.js[39m   [2m | [22m[2mnot-found[22m       [2m | [22m  [36m5.08 kB[39m[2m | [22m
[32mchunk-BPQIN6SD.js[39m   [2m | [22m[2m-[22m               [2m | [22m  [36m1.76 kB[39m[2m | [22m
[32mchunk-BJ75MHPL.js[39m   [2m | [22m[2m-[22m               [2m | [22m  [36m1.58 kB[39m[2m | [22m


[35mServer bundles[39m      
[1mInitial chunk files[22m [2m | [22m[1mNames[22m           [2m | [22m [1mRaw size[22m
[32mmain.server.mjs[39m     [2m | [22m[2mmain.server[22m     [2m | [22m [36m44.53 kB[39m[2m | [22m
[32mserver.mjs[39m          [2m | [22m[2mserver[22m          [2m | [22m  [36m1.84 kB[39m[2m | [22m
[32mchunk-FFILDKJJ.mjs[39m  [2m | [22m[2m-[22m               [2m | [22m[36m788 bytes[39m[2m | [22m
[32mpolyfills.server.mjs[39m[2m | [22m[2mpolyfills.server[22m[2m | [22m[36m268 bytes[39m[2m | [22m

[1mLazy chunk files[22m    [2m | [22m[1mNames[22m           [2m | [22m [1mRaw size[22m
[32mchunk-ER4PBBB7.mjs[39m  [2m | [22m[2mhome[22m            [2m | [22m [36m61.12 kB[39m[2m | [22m
[32mchunk-NGBYDLXE.mjs[39m  [2m | [22m[2mcontact[22m         [2m | [22m [36m26.39 kB[39m[2m | [22m
[32mchunk-VZPZO2I4.mjs[39m  [2m | [22m[2mcareers[22m         [2m | [22m [36m25.34 kB[39m[2m | [22m
[32mchunk-FICB7Y57.mjs[39m  [2m | [22m[2mcompany[22m         [2m | [22m [36m17.89 kB[39m[2m | [22m
[32mchunk-UO4HVXMP.mjs[39m  [2m | [22m[2mproducts[22m        [2m | [22m [36m16.52 kB[39m[2m | [22m
[32mchunk-JK6YQHQG.mjs[39m  [2m | [22m[2mnews[22m            [2m | [22m [36m14.55 kB[39m[2m | [22m
[32mchunk-JRSJSNLL.mjs[39m  [2m | [22m[2mtechnologies[22m    [2m | [22m [36m12.95 kB[39m[2m | [22m
[32mchunk-3AQEHYWV.mjs[39m  [2m | [22m[2msecurity[22m        [2m | [22m [36m11.24 kB[39m[2m | [22m
[32mchunk-CFYIYMU4.mjs[39m  [2m | [22m[2mprivacy[22m         [2m | [22m  [36m9.35 kB[39m[2m | [22m
[32mchunk-4VWOHPUF.mjs[39m  [2m | [22m[2mindustries[22m      [2m | [22m  [36m9.14 kB[39m[2m | [22m
[32mchunk-DRWT7YEZ.mjs[39m  [2m | [22m[2msolutions[22m       [2m | [22m  [36m9.05 kB[39m[2m | [22m
[32mchunk-2PGZN2XQ.mjs[39m  [2m | [22m[2mterms[22m           [2m | [22m  [36m7.84 kB[39m[2m | [22m
[32mchunk-CNIW5FCS.mjs[39m  [2m | [22m[2mnot-found[22m       [2m | [22m  [36m5.11 kB[39m[2m | [22m
[32mchunk-IP5C6TD6.mjs[39m  [2m | [22m[2m-[22m               [2m | [22m  [36m1.79 kB[39m[2m | [22m
[32mchunk-O5GETP62.mjs[39m  [2m | [22m[2m-[22m               [2m | [22m  [36m1.62 kB[39m[2m | [22m

Application bundle generation complete. [0.260 seconds] - 2026-07-27T17:00:00.367Z

Page reload sent to client(s).

C:\Projects\svags-corporate>